=== ru/fallback/full subject
[Umbrella] INC-7 · HTTP 5xx <b>&"app"</b> (P1 · критический)
=== ru/fallback/full text
PagerDuty не принял инцидент — резервное оповещение

INC-7 · HTTP 5xx <b>&"app"</b>

Важность: P1 · критический
КЕ: app-01 & co
Сигнал: red.errors<1>
Сервис: Платежи, Cards <EU>
Команда: Payments & SRE
Открыт: 05.10.2026 16:00 +07
PagerDuty: ошибка доставки: не задан ключ интеграции

Подтвердить: https://umbrella.example.com/ack/SU5DLTcKdTp1MQoxNzkxMjc3NTAw.4G0lXB0m9BszyuV_z2pv9TOL
Открыть в Umbrella: https://umbrella.example.com/incidents?id=INC-7
Grafana: https://umbrella.example.com/go/incidents/INC-7/grafana

-- 
Вы получили это письмо, потому что входите в команду, отвечающую за сервис, или отвечаете за КЕ.
=== ru/fallback/full html
🚨 <b>PagerDuty не принял инцидент — резервное оповещение</b>

<b>INC-7 · HTTP 5xx &lt;b&gt;&amp;&#34;app&#34;&lt;/b&gt;</b>
Важность: P1 · критический
КЕ: app-01 &amp; co
Сигнал: red.errors&lt;1&gt;
Сервис: Платежи, Cards &lt;EU&gt;
Команда: Payments &amp; SRE
Открыт: 05.10.2026 16:00 +07
PagerDuty: ошибка доставки: не задан ключ интеграции

<a href="https://umbrella.example.com/ack/SU5DLTcKdTp1MQoxNzkxMjc3NTAw.4G0lXB0m9BszyuV_z2pv9TOL">Подтвердить</a> · <a href="https://umbrella.example.com/incidents?id=INC-7">Открыть в Umbrella</a> · <a href="https://umbrella.example.com/go/incidents/INC-7/grafana">Grafana</a>
=== ru/fallback/failed_error subject
[Umbrella] INC-7 · HTTP 5xx <b>&"app"</b> (P1 · критический)
=== ru/fallback/failed_error text
PagerDuty не принял инцидент — резервное оповещение

INC-7 · HTTP 5xx <b>&"app"</b>

Важность: P1 · критический
КЕ: app-01 & co
Сигнал: red.errors<1>
Сервис: Платежи, Cards <EU>
Команда: Payments & SRE
Открыт: 05.10.2026 16:00 +07
PagerDuty: ошибка доставки: breaker <open>

Подтвердить: https://umbrella.example.com/ack/SU5DLTcKdTp1MQoxNzkxMjc3NTAw.4G0lXB0m9BszyuV_z2pv9TOL
Открыть в Umbrella: https://umbrella.example.com/incidents?id=INC-7

-- 
Вы получили это письмо, потому что входите в команду, отвечающую за сервис, или отвечаете за КЕ.
=== ru/fallback/failed_error html
🚨 <b>PagerDuty не принял инцидент — резервное оповещение</b>

<b>INC-7 · HTTP 5xx &lt;b&gt;&amp;&#34;app&#34;&lt;/b&gt;</b>
Важность: P1 · критический
КЕ: app-01 &amp; co
Сигнал: red.errors&lt;1&gt;
Сервис: Платежи, Cards &lt;EU&gt;
Команда: Payments &amp; SRE
Открыт: 05.10.2026 16:00 +07
PagerDuty: ошибка доставки: breaker &lt;open&gt;

<a href="https://umbrella.example.com/ack/SU5DLTcKdTp1MQoxNzkxMjc3NTAw.4G0lXB0m9BszyuV_z2pv9TOL">Подтвердить</a> · <a href="https://umbrella.example.com/incidents?id=INC-7">Открыть в Umbrella</a>
=== ru/fallback/failed_bare subject
[Umbrella] INC-7 · HTTP 5xx <b>&"app"</b> (P1 · критический)
=== ru/fallback/failed_bare text
PagerDuty не принял инцидент — резервное оповещение

INC-7 · HTTP 5xx <b>&"app"</b>

Важность: P1 · критический
КЕ: app-01 & co
Сигнал: red.errors<1>
Сервис: Платежи, Cards <EU>
Команда: Payments & SRE
Открыт: 05.10.2026 16:00 +07
PagerDuty: ошибка доставки

Открыть в Umbrella: https://umbrella.example.com/incidents?id=INC-7

-- 
Вы получили это письмо, потому что входите в команду, отвечающую за сервис, или отвечаете за КЕ.
=== ru/fallback/failed_bare html
🚨 <b>PagerDuty не принял инцидент — резервное оповещение</b>

<b>INC-7 · HTTP 5xx &lt;b&gt;&amp;&#34;app&#34;&lt;/b&gt;</b>
Важность: P1 · критический
КЕ: app-01 &amp; co
Сигнал: red.errors&lt;1&gt;
Сервис: Платежи, Cards &lt;EU&gt;
Команда: Payments &amp; SRE
Открыт: 05.10.2026 16:00 +07
PagerDuty: ошибка доставки

<a href="https://umbrella.example.com/incidents?id=INC-7">Открыть в Umbrella</a>
=== ru/fallback/pending subject
[Umbrella] INC-7 · HTTP 5xx <b>&"app"</b> (P1 · критический)
=== ru/fallback/pending text
PagerDuty не принял инцидент — резервное оповещение

INC-7 · HTTP 5xx <b>&"app"</b>

Важность: P1 · критический
КЕ: app-01 & co
Сигнал: red.errors<1>
Сервис: Платежи, Cards <EU>
Команда: Payments & SRE
Открыт: 05.10.2026 16:00 +07
PagerDuty: не ответил

Открыть в Umbrella: https://umbrella.example.com/incidents?id=INC-7
Grafana: https://umbrella.example.com/go/incidents/INC-7/grafana

-- 
Вы получили это письмо, потому что входите в команду, отвечающую за сервис, или отвечаете за КЕ.
=== ru/fallback/pending html
🚨 <b>PagerDuty не принял инцидент — резервное оповещение</b>

<b>INC-7 · HTTP 5xx &lt;b&gt;&amp;&#34;app&#34;&lt;/b&gt;</b>
Важность: P1 · критический
КЕ: app-01 &amp; co
Сигнал: red.errors&lt;1&gt;
Сервис: Платежи, Cards &lt;EU&gt;
Команда: Payments &amp; SRE
Открыт: 05.10.2026 16:00 +07
PagerDuty: не ответил

<a href="https://umbrella.example.com/incidents?id=INC-7">Открыть в Umbrella</a> · <a href="https://umbrella.example.com/go/incidents/INC-7/grafana">Grafana</a>
=== ru/fallback/off subject
[Umbrella] INC-7 · HTTP 5xx <b>&"app"</b> (P5 · информационный)
=== ru/fallback/off text
Новый инцидент — оповещение Umbrella

INC-7 · HTTP 5xx <b>&"app"</b>

Важность: P5 · информационный
КЕ: app-01 & co
Открыт: 05.10.2026 16:00 +07

-- 
Вы получили это письмо, потому что входите в команду, отвечающую за сервис, или отвечаете за КЕ.
=== ru/fallback/off html
🚨 <b>Новый инцидент — оповещение Umbrella</b>

<b>INC-7 · HTTP 5xx &lt;b&gt;&amp;&#34;app&#34;&lt;/b&gt;</b>
Важность: P5 · информационный
КЕ: app-01 &amp; co
Открыт: 05.10.2026 16:00 +07

=== ru/fallback/skipped subject
[Umbrella] INC-7 · HTTP 5xx <b>&"app"</b> (P3 · средний)
=== ru/fallback/skipped text
Новый инцидент — оповещение Umbrella

INC-7 · HTTP 5xx <b>&"app"</b>

Важность: P3 · средний
КЕ: app-01 & co
Сигнал: red.errors<1>
Сервис: Платежи, Cards <EU>
Команда: Payments & SRE
Открыт: 05.10.2026 16:00 +07
PagerDuty: не отправлялся (ниже порога важности)

Подтвердить: https://u.example/ack/SU5DLTcKdTp1MQoxNzkxMjc3NTAw.4G0lXB0m9BszyuV_z2pv9TOL
Открыть в Umbrella: https://u.example/incidents?id=INC-7

-- 
Вы получили это письмо, потому что входите в команду, отвечающую за сервис, или отвечаете за КЕ.
=== ru/fallback/skipped html
🚨 <b>Новый инцидент — оповещение Umbrella</b>

<b>INC-7 · HTTP 5xx &lt;b&gt;&amp;&#34;app&#34;&lt;/b&gt;</b>
Важность: P3 · средний
КЕ: app-01 &amp; co
Сигнал: red.errors&lt;1&gt;
Сервис: Платежи, Cards &lt;EU&gt;
Команда: Payments &amp; SRE
Открыт: 05.10.2026 16:00 +07
PagerDuty: не отправлялся (ниже порога важности)

<a href="https://u.example/ack/SU5DLTcKdTp1MQoxNzkxMjc3NTAw.4G0lXB0m9BszyuV_z2pv9TOL">Подтвердить</a> · <a href="https://u.example/incidents?id=INC-7">Открыть в Umbrella</a>
=== ru/followup/acknowledged subject
[Umbrella] INC-7 · HTTP 5xx <b>&"app"</b> — взят в работу
=== ru/followup/acknowledged text
Инцидент взят в работу

INC-7 · HTTP 5xx <b>&"app"</b>
Взял(а): petrov <p>, 05.10.2026 16:05 +07

Открыть в Umbrella: https://umbrella.example.com/incidents?id=INC-7

-- 
Вы получили резервное оповещение об этом инциденте; ничего делать не нужно.
=== ru/followup/acknowledged html
👀 <b>Инцидент взят в работу</b>

<b>INC-7 · HTTP 5xx &lt;b&gt;&amp;&#34;app&#34;&lt;/b&gt;</b>
Взял(а): petrov &lt;p&gt;, 05.10.2026 16:05 +07

<a href="https://umbrella.example.com/incidents?id=INC-7">Открыть в Umbrella</a>
=== ru/followup/resolved_by subject
[Umbrella] INC-7 · HTTP 5xx <b>&"app"</b> — решён
=== ru/followup/resolved_by text
Инцидент решён

INC-7 · HTTP 5xx <b>&"app"</b>
Решил(а): ivanov, 05.10.2026 16:05 +07

-- 
Вы получили резервное оповещение об этом инциденте; ничего делать не нужно.
=== ru/followup/resolved_by html
✅ <b>Инцидент решён</b>

<b>INC-7 · HTTP 5xx &lt;b&gt;&amp;&#34;app&#34;&lt;/b&gt;</b>
Решил(а): ivanov, 05.10.2026 16:05 +07

=== ru/followup/resolved_auto subject
[Umbrella] INC-7 · HTTP 5xx <b>&"app"</b> — решён
=== ru/followup/resolved_auto text
Инцидент решён

INC-7 · HTTP 5xx <b>&"app"</b>
Решён 05.10.2026 16:05 +07: источники вернулись в норму

Открыть в Umbrella: https://umbrella.example.com/incidents?id=INC-7

-- 
Вы получили резервное оповещение об этом инциденте; ничего делать не нужно.
=== ru/followup/resolved_auto html
✅ <b>Инцидент решён</b>

<b>INC-7 · HTTP 5xx &lt;b&gt;&amp;&#34;app&#34;&lt;/b&gt;</b>
Решён 05.10.2026 16:05 +07: источники вернулись в норму

<a href="https://umbrella.example.com/incidents?id=INC-7">Открыть в Umbrella</a>
=== ru/test subject
Проверка резервного оповещения Umbrella
=== ru/test text
Это проверочное сообщение. Если вы его видите, канал настроен.
=== ru/test html
✅ <b>Проверка резервного оповещения Umbrella</b>
Это проверочное сообщение. Если вы его видите, канал настроен.
=== en/fallback/full subject
[Umbrella] INC-7 · HTTP 5xx <b>&"app"</b> (P1 · critical)
=== en/fallback/full text
PagerDuty did not take the incident — backup notification

INC-7 · HTTP 5xx <b>&"app"</b>

Severity: P1 · critical
CI: app-01 & co
Signal: red.errors<1>
Service: Платежи, Cards <EU>
Team: Payments & SRE
Opened: 05.10.2026 16:00 +07
PagerDuty: delivery failed: no integration key is set

Acknowledge: https://umbrella.example.com/ack/SU5DLTcKdTp1MQoxNzkxMjc3NTAw.4G0lXB0m9BszyuV_z2pv9TOL
Open in Umbrella: https://umbrella.example.com/incidents?id=INC-7
Grafana: https://umbrella.example.com/go/incidents/INC-7/grafana

-- 
You get this because you are in the team that owns the service or you are responsible for the CI.
=== en/fallback/full html
🚨 <b>PagerDuty did not take the incident — backup notification</b>

<b>INC-7 · HTTP 5xx &lt;b&gt;&amp;&#34;app&#34;&lt;/b&gt;</b>
Severity: P1 · critical
CI: app-01 &amp; co
Signal: red.errors&lt;1&gt;
Service: Платежи, Cards &lt;EU&gt;
Team: Payments &amp; SRE
Opened: 05.10.2026 16:00 +07
PagerDuty: delivery failed: no integration key is set

<a href="https://umbrella.example.com/ack/SU5DLTcKdTp1MQoxNzkxMjc3NTAw.4G0lXB0m9BszyuV_z2pv9TOL">Acknowledge</a> · <a href="https://umbrella.example.com/incidents?id=INC-7">Open in Umbrella</a> · <a href="https://umbrella.example.com/go/incidents/INC-7/grafana">Grafana</a>
=== en/fallback/failed_error subject
[Umbrella] INC-7 · HTTP 5xx <b>&"app"</b> (P1 · critical)
=== en/fallback/failed_error text
PagerDuty did not take the incident — backup notification

INC-7 · HTTP 5xx <b>&"app"</b>

Severity: P1 · critical
CI: app-01 & co
Signal: red.errors<1>
Service: Платежи, Cards <EU>
Team: Payments & SRE
Opened: 05.10.2026 16:00 +07
PagerDuty: delivery failed: breaker <open>

Acknowledge: https://umbrella.example.com/ack/SU5DLTcKdTp1MQoxNzkxMjc3NTAw.4G0lXB0m9BszyuV_z2pv9TOL
Open in Umbrella: https://umbrella.example.com/incidents?id=INC-7

-- 
You get this because you are in the team that owns the service or you are responsible for the CI.
=== en/fallback/failed_error html
🚨 <b>PagerDuty did not take the incident — backup notification</b>

<b>INC-7 · HTTP 5xx &lt;b&gt;&amp;&#34;app&#34;&lt;/b&gt;</b>
Severity: P1 · critical
CI: app-01 &amp; co
Signal: red.errors&lt;1&gt;
Service: Платежи, Cards &lt;EU&gt;
Team: Payments &amp; SRE
Opened: 05.10.2026 16:00 +07
PagerDuty: delivery failed: breaker &lt;open&gt;

<a href="https://umbrella.example.com/ack/SU5DLTcKdTp1MQoxNzkxMjc3NTAw.4G0lXB0m9BszyuV_z2pv9TOL">Acknowledge</a> · <a href="https://umbrella.example.com/incidents?id=INC-7">Open in Umbrella</a>
=== en/fallback/failed_bare subject
[Umbrella] INC-7 · HTTP 5xx <b>&"app"</b> (P1 · critical)
=== en/fallback/failed_bare text
PagerDuty did not take the incident — backup notification

INC-7 · HTTP 5xx <b>&"app"</b>

Severity: P1 · critical
CI: app-01 & co
Signal: red.errors<1>
Service: Платежи, Cards <EU>
Team: Payments & SRE
Opened: 05.10.2026 16:00 +07
PagerDuty: delivery failed

Open in Umbrella: https://umbrella.example.com/incidents?id=INC-7

-- 
You get this because you are in the team that owns the service or you are responsible for the CI.
=== en/fallback/failed_bare html
🚨 <b>PagerDuty did not take the incident — backup notification</b>

<b>INC-7 · HTTP 5xx &lt;b&gt;&amp;&#34;app&#34;&lt;/b&gt;</b>
Severity: P1 · critical
CI: app-01 &amp; co
Signal: red.errors&lt;1&gt;
Service: Платежи, Cards &lt;EU&gt;
Team: Payments &amp; SRE
Opened: 05.10.2026 16:00 +07
PagerDuty: delivery failed

<a href="https://umbrella.example.com/incidents?id=INC-7">Open in Umbrella</a>
=== en/fallback/pending subject
[Umbrella] INC-7 · HTTP 5xx <b>&"app"</b> (P1 · critical)
=== en/fallback/pending text
PagerDuty did not take the incident — backup notification

INC-7 · HTTP 5xx <b>&"app"</b>

Severity: P1 · critical
CI: app-01 & co
Signal: red.errors<1>
Service: Платежи, Cards <EU>
Team: Payments & SRE
Opened: 05.10.2026 16:00 +07
PagerDuty: no answer

Open in Umbrella: https://umbrella.example.com/incidents?id=INC-7
Grafana: https://umbrella.example.com/go/incidents/INC-7/grafana

-- 
You get this because you are in the team that owns the service or you are responsible for the CI.
=== en/fallback/pending html
🚨 <b>PagerDuty did not take the incident — backup notification</b>

<b>INC-7 · HTTP 5xx &lt;b&gt;&amp;&#34;app&#34;&lt;/b&gt;</b>
Severity: P1 · critical
CI: app-01 &amp; co
Signal: red.errors&lt;1&gt;
Service: Платежи, Cards &lt;EU&gt;
Team: Payments &amp; SRE
Opened: 05.10.2026 16:00 +07
PagerDuty: no answer

<a href="https://umbrella.example.com/incidents?id=INC-7">Open in Umbrella</a> · <a href="https://umbrella.example.com/go/incidents/INC-7/grafana">Grafana</a>
=== en/fallback/off subject
[Umbrella] INC-7 · HTTP 5xx <b>&"app"</b> (P5 · informational)
=== en/fallback/off text
New incident — Umbrella notification

INC-7 · HTTP 5xx <b>&"app"</b>

Severity: P5 · informational
CI: app-01 & co
Opened: 05.10.2026 16:00 +07

-- 
You get this because you are in the team that owns the service or you are responsible for the CI.
=== en/fallback/off html
🚨 <b>New incident — Umbrella notification</b>

<b>INC-7 · HTTP 5xx &lt;b&gt;&amp;&#34;app&#34;&lt;/b&gt;</b>
Severity: P5 · informational
CI: app-01 &amp; co
Opened: 05.10.2026 16:00 +07

=== en/fallback/skipped subject
[Umbrella] INC-7 · HTTP 5xx <b>&"app"</b> (P3 · medium)
=== en/fallback/skipped text
New incident — Umbrella notification

INC-7 · HTTP 5xx <b>&"app"</b>

Severity: P3 · medium
CI: app-01 & co
Signal: red.errors<1>
Service: Платежи, Cards <EU>
Team: Payments & SRE
Opened: 05.10.2026 16:00 +07
PagerDuty: not sent (below the severity threshold)

Acknowledge: https://u.example/ack/SU5DLTcKdTp1MQoxNzkxMjc3NTAw.4G0lXB0m9BszyuV_z2pv9TOL
Open in Umbrella: https://u.example/incidents?id=INC-7

-- 
You get this because you are in the team that owns the service or you are responsible for the CI.
=== en/fallback/skipped html
🚨 <b>New incident — Umbrella notification</b>

<b>INC-7 · HTTP 5xx &lt;b&gt;&amp;&#34;app&#34;&lt;/b&gt;</b>
Severity: P3 · medium
CI: app-01 &amp; co
Signal: red.errors&lt;1&gt;
Service: Платежи, Cards &lt;EU&gt;
Team: Payments &amp; SRE
Opened: 05.10.2026 16:00 +07
PagerDuty: not sent (below the severity threshold)

<a href="https://u.example/ack/SU5DLTcKdTp1MQoxNzkxMjc3NTAw.4G0lXB0m9BszyuV_z2pv9TOL">Acknowledge</a> · <a href="https://u.example/incidents?id=INC-7">Open in Umbrella</a>
=== en/followup/acknowledged subject
[Umbrella] INC-7 · HTTP 5xx <b>&"app"</b> — being handled
=== en/followup/acknowledged text
The incident is being handled

INC-7 · HTTP 5xx <b>&"app"</b>
Taken by petrov <p>, 05.10.2026 16:05 +07

Open in Umbrella: https://umbrella.example.com/incidents?id=INC-7

-- 
You got backup notification about this incident; nothing more is needed from you.
=== en/followup/acknowledged html
👀 <b>The incident is being handled</b>

<b>INC-7 · HTTP 5xx &lt;b&gt;&amp;&#34;app&#34;&lt;/b&gt;</b>
Taken by petrov &lt;p&gt;, 05.10.2026 16:05 +07

<a href="https://umbrella.example.com/incidents?id=INC-7">Open in Umbrella</a>
=== en/followup/resolved_by subject
[Umbrella] INC-7 · HTTP 5xx <b>&"app"</b> — resolved
=== en/followup/resolved_by text
The incident is resolved

INC-7 · HTTP 5xx <b>&"app"</b>
Resolved by ivanov, 05.10.2026 16:05 +07

-- 
You got backup notification about this incident; nothing more is needed from you.
=== en/followup/resolved_by html
✅ <b>The incident is resolved</b>

<b>INC-7 · HTTP 5xx &lt;b&gt;&amp;&#34;app&#34;&lt;/b&gt;</b>
Resolved by ivanov, 05.10.2026 16:05 +07

=== en/followup/resolved_auto subject
[Umbrella] INC-7 · HTTP 5xx <b>&"app"</b> — resolved
=== en/followup/resolved_auto text
The incident is resolved

INC-7 · HTTP 5xx <b>&"app"</b>
Resolved 05.10.2026 16:05 +07: the sources are back to normal

Open in Umbrella: https://umbrella.example.com/incidents?id=INC-7

-- 
You got backup notification about this incident; nothing more is needed from you.
=== en/followup/resolved_auto html
✅ <b>The incident is resolved</b>

<b>INC-7 · HTTP 5xx &lt;b&gt;&amp;&#34;app&#34;&lt;/b&gt;</b>
Resolved 05.10.2026 16:05 +07: the sources are back to normal

<a href="https://umbrella.example.com/incidents?id=INC-7">Open in Umbrella</a>
=== en/test subject
Umbrella backup notification test
=== en/test text
This is a test message. If you see it, the channel is set up.
=== en/test html
✅ <b>Umbrella backup notification test</b>
This is a test message. If you see it, the channel is set up.
=== /fallback/full subject
[Umbrella] INC-7 · HTTP 5xx <b>&"app"</b> (P1 · критический)
=== /fallback/full text
PagerDuty не принял инцидент — резервное оповещение

INC-7 · HTTP 5xx <b>&"app"</b>

Важность: P1 · критический
КЕ: app-01 & co
Сигнал: red.errors<1>
Сервис: Платежи, Cards <EU>
Команда: Payments & SRE
Открыт: 05.10.2026 16:00 +07
PagerDuty: ошибка доставки: не задан ключ интеграции

Подтвердить: https://umbrella.example.com/ack/SU5DLTcKdTp1MQoxNzkxMjc3NTAw.4G0lXB0m9BszyuV_z2pv9TOL
Открыть в Umbrella: https://umbrella.example.com/incidents?id=INC-7
Grafana: https://umbrella.example.com/go/incidents/INC-7/grafana

-- 
Вы получили это письмо, потому что входите в команду, отвечающую за сервис, или отвечаете за КЕ.
=== /fallback/full html
🚨 <b>PagerDuty не принял инцидент — резервное оповещение</b>

<b>INC-7 · HTTP 5xx &lt;b&gt;&amp;&#34;app&#34;&lt;/b&gt;</b>
Важность: P1 · критический
КЕ: app-01 &amp; co
Сигнал: red.errors&lt;1&gt;
Сервис: Платежи, Cards &lt;EU&gt;
Команда: Payments &amp; SRE
Открыт: 05.10.2026 16:00 +07
PagerDuty: ошибка доставки: не задан ключ интеграции

<a href="https://umbrella.example.com/ack/SU5DLTcKdTp1MQoxNzkxMjc3NTAw.4G0lXB0m9BszyuV_z2pv9TOL">Подтвердить</a> · <a href="https://umbrella.example.com/incidents?id=INC-7">Открыть в Umbrella</a> · <a href="https://umbrella.example.com/go/incidents/INC-7/grafana">Grafana</a>
=== /fallback/failed_error subject
[Umbrella] INC-7 · HTTP 5xx <b>&"app"</b> (P1 · критический)
=== /fallback/failed_error text
PagerDuty не принял инцидент — резервное оповещение

INC-7 · HTTP 5xx <b>&"app"</b>

Важность: P1 · критический
КЕ: app-01 & co
Сигнал: red.errors<1>
Сервис: Платежи, Cards <EU>
Команда: Payments & SRE
Открыт: 05.10.2026 16:00 +07
PagerDuty: ошибка доставки: breaker <open>

Подтвердить: https://umbrella.example.com/ack/SU5DLTcKdTp1MQoxNzkxMjc3NTAw.4G0lXB0m9BszyuV_z2pv9TOL
Открыть в Umbrella: https://umbrella.example.com/incidents?id=INC-7

-- 
Вы получили это письмо, потому что входите в команду, отвечающую за сервис, или отвечаете за КЕ.
=== /fallback/failed_error html
🚨 <b>PagerDuty не принял инцидент — резервное оповещение</b>

<b>INC-7 · HTTP 5xx &lt;b&gt;&amp;&#34;app&#34;&lt;/b&gt;</b>
Важность: P1 · критический
КЕ: app-01 &amp; co
Сигнал: red.errors&lt;1&gt;
Сервис: Платежи, Cards &lt;EU&gt;
Команда: Payments &amp; SRE
Открыт: 05.10.2026 16:00 +07
PagerDuty: ошибка доставки: breaker &lt;open&gt;

<a href="https://umbrella.example.com/ack/SU5DLTcKdTp1MQoxNzkxMjc3NTAw.4G0lXB0m9BszyuV_z2pv9TOL">Подтвердить</a> · <a href="https://umbrella.example.com/incidents?id=INC-7">Открыть в Umbrella</a>
=== /fallback/failed_bare subject
[Umbrella] INC-7 · HTTP 5xx <b>&"app"</b> (P1 · критический)
=== /fallback/failed_bare text
PagerDuty не принял инцидент — резервное оповещение

INC-7 · HTTP 5xx <b>&"app"</b>

Важность: P1 · критический
КЕ: app-01 & co
Сигнал: red.errors<1>
Сервис: Платежи, Cards <EU>
Команда: Payments & SRE
Открыт: 05.10.2026 16:00 +07
PagerDuty: ошибка доставки

Открыть в Umbrella: https://umbrella.example.com/incidents?id=INC-7

-- 
Вы получили это письмо, потому что входите в команду, отвечающую за сервис, или отвечаете за КЕ.
=== /fallback/failed_bare html
🚨 <b>PagerDuty не принял инцидент — резервное оповещение</b>

<b>INC-7 · HTTP 5xx &lt;b&gt;&amp;&#34;app&#34;&lt;/b&gt;</b>
Важность: P1 · критический
КЕ: app-01 &amp; co
Сигнал: red.errors&lt;1&gt;
Сервис: Платежи, Cards &lt;EU&gt;
Команда: Payments &amp; SRE
Открыт: 05.10.2026 16:00 +07
PagerDuty: ошибка доставки

<a href="https://umbrella.example.com/incidents?id=INC-7">Открыть в Umbrella</a>
=== /fallback/pending subject
[Umbrella] INC-7 · HTTP 5xx <b>&"app"</b> (P1 · критический)
=== /fallback/pending text
PagerDuty не принял инцидент — резервное оповещение

INC-7 · HTTP 5xx <b>&"app"</b>

Важность: P1 · критический
КЕ: app-01 & co
Сигнал: red.errors<1>
Сервис: Платежи, Cards <EU>
Команда: Payments & SRE
Открыт: 05.10.2026 16:00 +07
PagerDuty: не ответил

Открыть в Umbrella: https://umbrella.example.com/incidents?id=INC-7
Grafana: https://umbrella.example.com/go/incidents/INC-7/grafana

-- 
Вы получили это письмо, потому что входите в команду, отвечающую за сервис, или отвечаете за КЕ.
=== /fallback/pending html
🚨 <b>PagerDuty не принял инцидент — резервное оповещение</b>

<b>INC-7 · HTTP 5xx &lt;b&gt;&amp;&#34;app&#34;&lt;/b&gt;</b>
Важность: P1 · критический
КЕ: app-01 &amp; co
Сигнал: red.errors&lt;1&gt;
Сервис: Платежи, Cards &lt;EU&gt;
Команда: Payments &amp; SRE
Открыт: 05.10.2026 16:00 +07
PagerDuty: не ответил

<a href="https://umbrella.example.com/incidents?id=INC-7">Открыть в Umbrella</a> · <a href="https://umbrella.example.com/go/incidents/INC-7/grafana">Grafana</a>
=== /fallback/off subject
[Umbrella] INC-7 · HTTP 5xx <b>&"app"</b> (P5 · информационный)
=== /fallback/off text
Новый инцидент — оповещение Umbrella

INC-7 · HTTP 5xx <b>&"app"</b>

Важность: P5 · информационный
КЕ: app-01 & co
Открыт: 05.10.2026 16:00 +07

-- 
Вы получили это письмо, потому что входите в команду, отвечающую за сервис, или отвечаете за КЕ.
=== /fallback/off html
🚨 <b>Новый инцидент — оповещение Umbrella</b>

<b>INC-7 · HTTP 5xx &lt;b&gt;&amp;&#34;app&#34;&lt;/b&gt;</b>
Важность: P5 · информационный
КЕ: app-01 &amp; co
Открыт: 05.10.2026 16:00 +07

=== /fallback/skipped subject
[Umbrella] INC-7 · HTTP 5xx <b>&"app"</b> (P3 · средний)
=== /fallback/skipped text
Новый инцидент — оповещение Umbrella

INC-7 · HTTP 5xx <b>&"app"</b>

Важность: P3 · средний
КЕ: app-01 & co
Сигнал: red.errors<1>
Сервис: Платежи, Cards <EU>
Команда: Payments & SRE
Открыт: 05.10.2026 16:00 +07
PagerDuty: не отправлялся (ниже порога важности)

Подтвердить: https://u.example/ack/SU5DLTcKdTp1MQoxNzkxMjc3NTAw.4G0lXB0m9BszyuV_z2pv9TOL
Открыть в Umbrella: https://u.example/incidents?id=INC-7

-- 
Вы получили это письмо, потому что входите в команду, отвечающую за сервис, или отвечаете за КЕ.
=== /fallback/skipped html
🚨 <b>Новый инцидент — оповещение Umbrella</b>

<b>INC-7 · HTTP 5xx &lt;b&gt;&amp;&#34;app&#34;&lt;/b&gt;</b>
Важность: P3 · средний
КЕ: app-01 &amp; co
Сигнал: red.errors&lt;1&gt;
Сервис: Платежи, Cards &lt;EU&gt;
Команда: Payments &amp; SRE
Открыт: 05.10.2026 16:00 +07
PagerDuty: не отправлялся (ниже порога важности)

<a href="https://u.example/ack/SU5DLTcKdTp1MQoxNzkxMjc3NTAw.4G0lXB0m9BszyuV_z2pv9TOL">Подтвердить</a> · <a href="https://u.example/incidents?id=INC-7">Открыть в Umbrella</a>
=== /followup/acknowledged subject
[Umbrella] INC-7 · HTTP 5xx <b>&"app"</b> — взят в работу
=== /followup/acknowledged text
Инцидент взят в работу

INC-7 · HTTP 5xx <b>&"app"</b>
Взял(а): petrov <p>, 05.10.2026 16:05 +07

Открыть в Umbrella: https://umbrella.example.com/incidents?id=INC-7

-- 
Вы получили резервное оповещение об этом инциденте; ничего делать не нужно.
=== /followup/acknowledged html
👀 <b>Инцидент взят в работу</b>

<b>INC-7 · HTTP 5xx &lt;b&gt;&amp;&#34;app&#34;&lt;/b&gt;</b>
Взял(а): petrov &lt;p&gt;, 05.10.2026 16:05 +07

<a href="https://umbrella.example.com/incidents?id=INC-7">Открыть в Umbrella</a>
=== /followup/resolved_by subject
[Umbrella] INC-7 · HTTP 5xx <b>&"app"</b> — решён
=== /followup/resolved_by text
Инцидент решён

INC-7 · HTTP 5xx <b>&"app"</b>
Решил(а): ivanov, 05.10.2026 16:05 +07

-- 
Вы получили резервное оповещение об этом инциденте; ничего делать не нужно.
=== /followup/resolved_by html
✅ <b>Инцидент решён</b>

<b>INC-7 · HTTP 5xx &lt;b&gt;&amp;&#34;app&#34;&lt;/b&gt;</b>
Решил(а): ivanov, 05.10.2026 16:05 +07

=== /followup/resolved_auto subject
[Umbrella] INC-7 · HTTP 5xx <b>&"app"</b> — решён
=== /followup/resolved_auto text
Инцидент решён

INC-7 · HTTP 5xx <b>&"app"</b>
Решён 05.10.2026 16:05 +07: источники вернулись в норму

Открыть в Umbrella: https://umbrella.example.com/incidents?id=INC-7

-- 
Вы получили резервное оповещение об этом инциденте; ничего делать не нужно.
=== /followup/resolved_auto html
✅ <b>Инцидент решён</b>

<b>INC-7 · HTTP 5xx &lt;b&gt;&amp;&#34;app&#34;&lt;/b&gt;</b>
Решён 05.10.2026 16:05 +07: источники вернулись в норму

<a href="https://umbrella.example.com/incidents?id=INC-7">Открыть в Umbrella</a>
=== /test subject
Проверка резервного оповещения Umbrella
=== /test text
Это проверочное сообщение. Если вы его видите, канал настроен.
=== /test html
✅ <b>Проверка резервного оповещения Umbrella</b>
Это проверочное сообщение. Если вы его видите, канал настроен.
